// Jest Snapshot v1, https://goo.gl/fbAQLP

exports[`Render 1`] = `
<Provider
  store={
    Object {
      "asyncReducers": Object {
        "productComparisonReducer": [Function],
      },
      "dispatch": [Function],
      "getState": [Function],
      "replaceReducer": [Function],
      "subscribe": [Function],
      Symbol(observable): [Function],
    }
  }
>
  <React.Fragment>
    <Connect(ComparisonCheckbox) />
  </React.Fragment>
</Provider>
`;
